[www.currentsandcontemplations.com/index.html]
[www.currentsandcontemplations.com/c.0.delayed]
[www.currentsandcontemplations.com/t.1.delayed]
[backblue.gif]
[fade.gif]
[index.html]
[www.currentsandcontemplations.com/blog-feed.xml]
[www.currentsandcontemplations.com/blog.html]
[www.currentsandcontemplations.com/gallery.html]
[www.currentsandcontemplations.com/post/cloud-peak-wilderness-trip-july-2024-pt-1-wyoming-weather-and-worries.html]
[www.currentsandcontemplations.com/post/fall-upper-colorado-fishing-trip-pt-2-upper-colorado.html]
[www.currentsandcontemplations.com/post/upper-co-river-trip-fall-2023-pt-1.html]
[www.currentsandcontemplations.com/blog/categories/fishing.html]
[www.currentsandcontemplations.com/blog/categories/upper-colorado.html]
[www.currentsandcontemplations.com/blog/categories/william-forks.html]
[www.currentsandcontemplations.com/blog/archive/2025/05.html]
[www.currentsandcontemplations.com/blog/archive/2024/01.html]
[www.currentsandcontemplations.com/blog/archive/2023/11.html]
[www.currentsandcontemplations.com/blog/archive/2023/08.html]
[www.currentsandcontemplations.com/blog/tags/fishing.html]
[www.currentsandcontemplations.com/blog/tags/upper-colorado.html]
[www.currentsandcontemplations.com/blog/tags/2023.html]
[www.currentsandcontemplations.com/blog/tags/boulder-creek.html]
[www.currentsandcontemplations.com/blog/tags/fall.html]
[www.currentsandcontemplations.com/blog/tags/front-range-fishing.html]
[www.currentsandcontemplations.com/blog/tags/williams-fork.html]
[www.currentsandcontemplations.com/api/index.html]
[www.currentsandcontemplations.com/site-rules-faq.html]
[www.currentsandcontemplations.com/envelope/index.html]
[www.currentsandcontemplations.com/sitemap.xml]
[www.currentsandcontemplations.com/feed.18.delayed]
[www.currentsandcontemplations.com/decodeURIComponent(e.19.delayed]
[www.currentsandcontemplations.com/index.html]
[www.currentsandcontemplations.com/c.html]
[www.currentsandcontemplations.com/t.html]
[www.currentsandcontemplations.com/post/quick-trips.html]
[www.currentsandcontemplations.com/blog.html]
[www.currentsandcontemplations.com/post/a-starting-point.html]
[www.currentsandcontemplations.com/media/emptystate.85a4add5.1c.delayed]
[www.currentsandcontemplations.com/gallery.html]
[www.currentsandcontemplations.com/post/c.1d.delayed]
[www.currentsandcontemplations.com/post/t.1e.delayed]
[www.currentsandcontemplations.com/post/robots.1f.delayed]
[www.currentsandcontemplations.com/post/sitemap.20.delayed]
[www.currentsandcontemplations.com/post/feed.21.delayed]
[www.currentsandcontemplations.com/post/decodeURIComponent(e.22.delayed]
[www.currentsandcontemplations.com/post/cloud-peak-wilderness-trip-july-2024-pt-1-wyoming-weather-and-worries.html]
[www.currentsandcontemplations.com/post/fall-upper-colorado-fishing-trip-pt-2-upper-colorado.html]
[www.currentsandcontemplations.com/post/upper-co-river-trip-fall-2023-pt-1.html]
[www.currentsandcontemplations.com/blog/categories/c.23.delayed]
[www.currentsandcontemplations.com/blog/categories/t.24.delayed]
[www.currentsandcontemplations.com/blog/categories/robots.25.delayed]
[www.currentsandcontemplations.com/blog/categories/sitemap.26.delayed]
[www.currentsandcontemplations.com/blog/categories/feed.27.delayed]
[www.currentsandcontemplations.com/blog/categories/decodeURIComponent(e.28.delayed]
[www.currentsandcontemplations.com/blog/categories/fishing.html]
[www.currentsandcontemplations.com/blog/categories/upper-colorado.html]
[www.currentsandcontemplations.com/blog/categories/william-forks.html]
[www.currentsandcontemplations.com/blog/archive/2025/c.29.delayed]
[www.currentsandcontemplations.com/blog/archive/2025/t.2a.delayed]
[www.currentsandcontemplations.com/blog/archive/2025/robots.2b.delayed]
[www.currentsandcontemplations.com/blog/archive/2025/sitemap.2c.delayed]
[www.currentsandcontemplations.com/blog/archive/2025/feed.2d.delayed]
[www.currentsandcontemplations.com/blog/archive/2025/decodeURIComponent(e.2e.delayed]
[www.currentsandcontemplations.com/blog/archive/2025/05.html]
[www.currentsandcontemplations.com/blog/archive/2024/c.2f.delayed]
[www.currentsandcontemplations.com/blog/archive/2024/t.30.delayed]
[www.currentsandcontemplations.com/blog/archive/2024/robots.31.delayed]
[www.currentsandcontemplations.com/blog/archive/2024/sitemap.32.delayed]
[www.currentsandcontemplations.com/blog/archive/2024/feed.33.delayed]
[www.currentsandcontemplations.com/blog/archive/2024/decodeURIComponent(e.34.delayed]
[www.currentsandcontemplations.com/blog/archive/2024/01.html]
[www.currentsandcontemplations.com/blog/archive/2023/c.35.delayed]
[www.currentsandcontemplations.com/blog/archive/2023/t.36.delayed]
[www.currentsandcontemplations.com/blog/archive/2023/robots.37.delayed]
[www.currentsandcontemplations.com/blog/archive/2023/sitemap.38.delayed]
[www.currentsandcontemplations.com/blog/archive/2023/feed.39.delayed]
[www.currentsandcontemplations.com/blog/archive/2023/decodeURIComponent(e.3a.delayed]
[www.currentsandcontemplations.com/blog/archive/2023/11.html]
[www.currentsandcontemplations.com/blog/archive/2023/08.html]
[www.currentsandcontemplations.com/blog/tags/c.3b.delayed]
[www.currentsandcontemplations.com/blog/tags/t.3c.delayed]
[www.currentsandcontemplations.com/blog/tags/robots.3d.delayed]
[www.currentsandcontemplations.com/blog/tags/sitemap.3e.delayed]
[www.currentsandcontemplations.com/blog/tags/feed.3f.delayed]
[www.currentsandcontemplations.com/blog/tags/decodeURIComponent(e.40.delayed]
[www.currentsandcontemplations.com/blog/tags/fishing.html]
[www.currentsandcontemplations.com/blog/tags/upper-colorado.html]
[www.currentsandcontemplations.com/blog/tags/2023.html]
[www.currentsandcontemplations.com/blog/tags/boulder-creek.html]
[www.currentsandcontemplations.com/blog/tags/fall.html]
[www.currentsandcontemplations.com/blog/tags/front-range-fishing.html]
[www.currentsandcontemplations.com/blog/tags/williams-fork.html]
[www.currentsandcontemplations.com/site-rules-faq.html]
[www.currentsandcontemplations.com/api/index.html]
[www.currentsandcontemplations.com/envelope/index.html]
[www.currentsandcontemplations.com/feed.html]
[www.currentsandcontemplations.com/decodeURIComponent(e.html]
[www.currentsandcontemplations.com/post/quick-trips.html]
[www.currentsandcontemplations.com/post/a-starting-point.html]
[www.currentsandcontemplations.com/media/emptystate.85a4add5.html]
[www.currentsandcontemplations.com/post/c.html]
[www.currentsandcontemplations.com/post/t.html]
[www.currentsandcontemplations.com/post/robots.html]
[www.currentsandcontemplations.com/post/sitemap.html]
[www.currentsandcontemplations.com/post/feed.html]
[www.currentsandcontemplations.com/post/decodeURIComponent(e.html]
[www.currentsandcontemplations.com/blog/categories/c.html]
[www.currentsandcontemplations.com/blog/categories/t.html]
[www.currentsandcontemplations.com/blog/categories/robots.html]
[www.currentsandcontemplations.com/blog/categories/sitemap.html]
[www.currentsandcontemplations.com/blog/categories/feed.html]
[www.currentsandcontemplations.com/blog/categories/decodeURIComponent(e.html]
[www.currentsandcontemplations.com/blog/archive/2025/c.html]
[www.currentsandcontemplations.com/blog/archive/2025/t.html]
[www.currentsandcontemplations.com/blog/archive/2025/robots.html]
[www.currentsandcontemplations.com/blog/archive/2025/sitemap.html]
[www.currentsandcontemplations.com/blog/archive/2025/feed.html]
[www.currentsandcontemplations.com/blog/archive/2025/decodeURIComponent(e.html]
[www.currentsandcontemplations.com/blog/archive/2024/c.html]
[www.currentsandcontemplations.com/blog/archive/2024/t.html]
[www.currentsandcontemplations.com/blog/archive/2024/robots.html]
[www.currentsandcontemplations.com/blog/archive/2024/sitemap.html]
[www.currentsandcontemplations.com/blog/archive/2024/feed.html]
[www.currentsandcontemplations.com/blog/archive/2024/decodeURIComponent(e.html]
[www.currentsandcontemplations.com/blog/archive/2023/c.html]
[www.currentsandcontemplations.com/blog/archive/2023/t.html]
[www.currentsandcontemplations.com/blog/archive/2023/robots.html]
[www.currentsandcontemplations.com/blog/archive/2023/sitemap.html]
[www.currentsandcontemplations.com/blog/archive/2023/feed.html]
[www.currentsandcontemplations.com/blog/archive/2023/decodeURIComponent(e.html]
[www.currentsandcontemplations.com/blog/tags/c.html]
[www.currentsandcontemplations.com/blog/tags/t.html]
[www.currentsandcontemplations.com/blog/tags/robots.html]
[www.currentsandcontemplations.com/blog/tags/sitemap.html]
[www.currentsandcontemplations.com/blog/tags/feed.html]
[www.currentsandcontemplations.com/blog/tags/decodeURIComponent(e.html]
